Archive member included to satisfy reference by file (symbol)

C:/GMD/toolchain/gowin/gcc_arm/bin/../lib/gcc/arm-none-eabi/13.3.1/../../../../arm-none-eabi/lib/thumb/v7-m/nofp\libg.a(libc_a-atexit.o)
                              C:/GMD/toolchain/gowin/gcc_arm/bin/../lib/gcc/arm-none-eabi/13.3.1/../../../../arm-none-eabi/lib/thumb/v7-m/nofp/crt0.o (atexit)
C:/GMD/toolchain/gowin/gcc_arm/bin/../lib/gcc/arm-none-eabi/13.3.1/../../../../arm-none-eabi/lib/thumb/v7-m/nofp\libg.a(libc_a-exit.o)
                              C:/GMD/toolchain/gowin/gcc_arm/bin/../lib/gcc/arm-none-eabi/13.3.1/../../../../arm-none-eabi/lib/thumb/v7-m/nofp/crt0.o (exit)
C:/GMD/toolchain/gowin/gcc_arm/bin/../lib/gcc/arm-none-eabi/13.3.1/../../../../arm-none-eabi/lib/thumb/v7-m/nofp\libg.a(libc_a-findfp.o)
                              C:/GMD/toolchain/gowin/gcc_arm/bin/../lib/gcc/arm-none-eabi/13.3.1/../../../../arm-none-eabi/lib/thumb/v7-m/nofp\libg.a(libc_a-exit.o) (__stdio_exit_handler)
C:/GMD/toolchain/gowin/gcc_arm/bin/../lib/gcc/arm-none-eabi/13.3.1/../../../../arm-none-eabi/lib/thumb/v7-m/nofp\libg.a(libc_a-fwalk.o)
                              C:/GMD/toolchain/gowin/gcc_arm/bin/../lib/gcc/arm-none-eabi/13.3.1/../../../../arm-none-eabi/lib/thumb/v7-m/nofp\libg.a(libc_a-findfp.o) (_fwalk_sglue)
C:/GMD/toolchain/gowin/gcc_arm/bin/../lib/gcc/arm-none-eabi/13.3.1/../../../../arm-none-eabi/lib/thumb/v7-m/nofp\libg.a(libc_a-stdio.o)
                              C:/GMD/toolchain/gowin/gcc_arm/bin/../lib/gcc/arm-none-eabi/13.3.1/../../../../arm-none-eabi/lib/thumb/v7-m/nofp\libg.a(libc_a-findfp.o) (__sread)
C:/GMD/toolchain/gowin/gcc_arm/bin/../lib/gcc/arm-none-eabi/13.3.1/../../../../arm-none-eabi/lib/thumb/v7-m/nofp\libg.a(libc_a-memset.o)
                              C:/GMD/toolchain/gowin/gcc_arm/bin/../lib/gcc/arm-none-eabi/13.3.1/../../../../arm-none-eabi/lib/thumb/v7-m/nofp/crt0.o (memset)
C:/GMD/toolchain/gowin/gcc_arm/bin/../lib/gcc/arm-none-eabi/13.3.1/../../../../arm-none-eabi/lib/thumb/v7-m/nofp\libg.a(libc_a-closer.o)
                              C:/GMD/toolchain/gowin/gcc_arm/bin/../lib/gcc/arm-none-eabi/13.3.1/../../../../arm-none-eabi/lib/thumb/v7-m/nofp\libg.a(libc_a-stdio.o) (_close_r)
C:/GMD/toolchain/gowin/gcc_arm/bin/../lib/gcc/arm-none-eabi/13.3.1/../../../../arm-none-eabi/lib/thumb/v7-m/nofp\libg.a(libc_a-reent.o)
                              C:/GMD/toolchain/gowin/gcc_arm/bin/../lib/gcc/arm-none-eabi/13.3.1/../../../../arm-none-eabi/lib/thumb/v7-m/nofp\libg.a(libc_a-closer.o) (errno)
C:/GMD/toolchain/gowin/gcc_arm/bin/../lib/gcc/arm-none-eabi/13.3.1/../../../../arm-none-eabi/lib/thumb/v7-m/nofp\libg.a(libc_a-impure.o)
                              C:/GMD/toolchain/gowin/gcc_arm/bin/../lib/gcc/arm-none-eabi/13.3.1/../../../../arm-none-eabi/lib/thumb/v7-m/nofp\libg.a(libc_a-reent.o) (_impure_ptr)
C:/GMD/toolchain/gowin/gcc_arm/bin/../lib/gcc/arm-none-eabi/13.3.1/../../../../arm-none-eabi/lib/thumb/v7-m/nofp\libg.a(libc_a-lseekr.o)
                              C:/GMD/toolchain/gowin/gcc_arm/bin/../lib/gcc/arm-none-eabi/13.3.1/../../../../arm-none-eabi/lib/thumb/v7-m/nofp\libg.a(libc_a-stdio.o) (_lseek_r)
C:/GMD/toolchain/gowin/gcc_arm/bin/../lib/gcc/arm-none-eabi/13.3.1/../../../../arm-none-eabi/lib/thumb/v7-m/nofp\libg.a(libc_a-readr.o)
                              C:/GMD/toolchain/gowin/gcc_arm/bin/../lib/gcc/arm-none-eabi/13.3.1/../../../../arm-none-eabi/lib/thumb/v7-m/nofp\libg.a(libc_a-stdio.o) (_read_r)
C:/GMD/toolchain/gowin/gcc_arm/bin/../lib/gcc/arm-none-eabi/13.3.1/../../../../arm-none-eabi/lib/thumb/v7-m/nofp\libg.a(libc_a-writer.o)
                              C:/GMD/toolchain/gowin/gcc_arm/bin/../lib/gcc/arm-none-eabi/13.3.1/../../../../arm-none-eabi/lib/thumb/v7-m/nofp\libg.a(libc_a-stdio.o) (_write_r)
C:/GMD/toolchain/gowin/gcc_arm/bin/../lib/gcc/arm-none-eabi/13.3.1/../../../../arm-none-eabi/lib/thumb/v7-m/nofp\libg.a(libc_a-init.o)
                              C:/GMD/toolchain/gowin/gcc_arm/bin/../lib/gcc/arm-none-eabi/13.3.1/../../../../arm-none-eabi/lib/thumb/v7-m/nofp/crt0.o (__libc_init_array)
C:/GMD/toolchain/gowin/gcc_arm/bin/../lib/gcc/arm-none-eabi/13.3.1/../../../../arm-none-eabi/lib/thumb/v7-m/nofp\libg.a(libc_a-fini.o)
                              C:/GMD/toolchain/gowin/gcc_arm/bin/../lib/gcc/arm-none-eabi/13.3.1/../../../../arm-none-eabi/lib/thumb/v7-m/nofp/crt0.o (__libc_fini_array)
C:/GMD/toolchain/gowin/gcc_arm/bin/../lib/gcc/arm-none-eabi/13.3.1/../../../../arm-none-eabi/lib/thumb/v7-m/nofp\libg.a(libc_a-lock.o)
                              C:/GMD/toolchain/gowin/gcc_arm/bin/../lib/gcc/arm-none-eabi/13.3.1/../../../../arm-none-eabi/lib/thumb/v7-m/nofp\libg.a(libc_a-findfp.o) (__retarget_lock_init_recursive)
C:/GMD/toolchain/gowin/gcc_arm/bin/../lib/gcc/arm-none-eabi/13.3.1/../../../../arm-none-eabi/lib/thumb/v7-m/nofp\libg.a(libc_a-memcpy.o)
                              ./FreeRTOS/queue.o (memcpy)
[...]
Memory Configuration

Name             Origin             Length             Attributes
FLASH            0x00000000         0x00008000         xr
RAM              0x20000000         0x00002000         xrw
*default*        0x00000000         0xffffffff

Linker script and memory map

LOAD C:/GMD/toolchain/gowin/gcc_arm/bin/../lib/gcc/arm-none-eabi/13.3.1/thumb/v7-m/nofp/crti.o
LOAD C:/GMD/toolchain/gowin/gcc_arm/bin/../lib/gcc/arm-none-eabi/13.3.1/thumb/v7-m/nofp/crtbegin.o
LOAD C:/GMD/toolchain/gowin/gcc_arm/bin/../lib/gcc/arm-none-eabi/13.3.1/../../../../arm-none-eabi/lib/thumb/v7-m/nofp/crt0.o
LOAD ./USER/APB/apb_regbank_test.o
LOAD ./USER/gw1ns4c_it.o
LOAD ./USER/main.o
LOAD ./SYSTEM/system_gw1ns4c.o
LOAD ./STARTUP/startup_gw1ns4c.o
LOAD ./PERIPHERAL/Sources/gw1ns4c_gpio.o
LOAD ./PERIPHERAL/Sources/gw1ns4c_i2c.o
LOAD ./PERIPHERAL/Sources/gw1ns4c_misc.o
LOAD ./PERIPHERAL/Sources/gw1ns4c_rtc.o
LOAD ./PERIPHERAL/Sources/gw1ns4c_spi.o
LOAD ./PERIPHERAL/Sources/gw1ns4c_syscon.o
LOAD ./PERIPHERAL/Sources/gw1ns4c_timer.o
LOAD ./PERIPHERAL/Sources/gw1ns4c_uart.o
LOAD ./PERIPHERAL/Sources/gw1ns4c_wdog.o
LOAD ./FreeRTOS/portable/MemMang/heap_4.o
LOAD ./FreeRTOS/portable/GNU/ARM_CM3/port.o
LOAD ./FreeRTOS/croutine.o
LOAD ./FreeRTOS/event_groups.o
LOAD ./FreeRTOS/list.o
LOAD ./FreeRTOS/queue.o
LOAD ./FreeRTOS/stream_buffer.o
LOAD ./FreeRTOS/tasks.o
LOAD ./FreeRTOS/timers.o
LOAD ./CORE/core_cm3.o
START GROUP
LOAD C:/GMD/toolchain/gowin/gcc_arm/bin/../lib/gcc/arm-none-eabi/13.3.1/thumb/v7-m/nofp\libgcc.a
LOAD C:/GMD/toolchain/gowin/gcc_arm/bin/../lib/gcc/arm-none-eabi/13.3.1/../../../../arm-none-eabi/lib/thumb/v7-m/nofp\libg.a
LOAD C:/GMD/toolchain/gowin/gcc_arm/bin/../lib/gcc/arm-none-eabi/13.3.1/../../../../arm-none-eabi/lib/thumb/v7-m/nofp\libc.a
END GROUP
LOAD C:/GMD/toolchain/gowin/gcc_arm/bin/../lib/gcc/arm-none-eabi/13.3.1/thumb/v7-m/nofp/crtend.o
LOAD C:/GMD/toolchain/gowin/gcc_arm/bin/../lib/gcc/arm-none-eabi/13.3.1/thumb/v7-m/nofp/crtn.o
START GROUP
LOAD C:/GMD/toolchain/gowin/gcc_arm/bin/../lib/gcc/arm-none-eabi/13.3.1/thumb/v7-m/nofp\libgcc.a
LOAD C:/GMD/toolchain/gowin/gcc_arm/bin/../lib/gcc/arm-none-eabi/13.3.1/../../../../arm-none-eabi/lib/thumb/v7-m/nofp\libc.a
LOAD C:/GMD/toolchain/gowin/gcc_arm/bin/../lib/gcc/arm-none-eabi/13.3.1/../../../../arm-none-eabi/lib/thumb/v7-m/nofp\libm.a
LOAD C:/GMD/toolchain/gowin/gcc_arm/bin/../lib/gcc/arm-none-eabi/13.3.1/../../../../arm-none-eabi/lib/thumb/v7-m/nofp\libnosys.a
END GROUP

.text           0x00000000     0x321b
 *(.isr_vector)
 .isr_vector    0x00000000       0xc0 ./STARTUP/startup_gw1ns4c.o
                0x00000000                __isr_vector
 *(.text*)
 .text.print_final_summary
                0x000000c0      0x720 ./USER/APB/apb_regbank_test.o
                0x000000c0                print_final_summary
 .text.test_walking_ones
                0x000007e0      0x398 ./USER/APB/apb_regbank_test.o
                0x000007e0                test_walking_ones
 .text.test_walking_zeros
                0x00000b78      0x14c ./USER/APB/apb_regbank_test.o
                0x00000b78                test_walking_zeros
 .text.test_checkerboard_patterns
                0x00000cc4      0x308 ./USER/APB/apb_regbank_test.o
                0x00000cc4                test_checkerboard_patterns
 .text.test_register_independence
                0x00000fcc      0x340 ./USER/APB/apb_regbank_test.o
                0x00000fcc                test_register_independence
 .text.test_readonly_protection_stress
                0x0000130c      0x4c8 ./USER/APB/apb_regbank_test.o
                0x0000130c                test_readonly_protection_stress
 .text.test_rapid_readwrite_stress
                0x000017d4      0x170 ./USER/APB/apb_regbank_test.o
                0x000017d4                test_rapid_readwrite_stress
 .text.test_address_boundaries
                0x00001944      0x1a4 ./USER/APB/apb_regbank_test.o
                0x00001944                test_address_boundaries
 .text.test_data_retention
                0x00001ae8      0x180 ./USER/APB/apb_regbank_test.o
                0x00001ae8                test_data_retention
 .text.test_sequential_patterns
                0x00001c68      0x104 ./USER/APB/apb_regbank_test.o
                0x00001c68                test_sequential_patterns
 .text.test_comprehensive_integration
                0x00001d6c      0x14c ./USER/APB/apb_regbank_test.o
                0x00001d6c                test_comprehensive_integration
 .text.test_APB_registers_comprehensive
                0x00001eb8      0x118 ./USER/APB/apb_regbank_test.o
                0x00001eb8                test_APB_registers_comprehensive
 .text.NMI_Handler
                0x00001fd0        0x4 ./USER/gw1ns4c_it.o
                0x00001fd0                NMI_Handler
 .text.HardFault_Handler
                0x00001fd4        0x4 ./USER/gw1ns4c_it.o
                0x00001fd4                HardFault_Handler
 .text.MemManage_Handler
                0x00001fd8        0x4 ./USER/gw1ns4c_it.o
                0x00001fd8                MemManage_Handler
 .text.BusFault_Handler
                0x00001fdc        0x4 ./USER/gw1ns4c_it.o
                0x00001fdc                BusFault_Handler
 .text.UsageFault_Handler
                0x00001fe0        0x4 ./USER/gw1ns4c_it.o
                0x00001fe0                UsageFault_Handler
 .text.DebugMon_Handler
                0x00001fe4        0x4 ./USER/gw1ns4c_it.o
                0x00001fe4                DebugMon_Handler
 .text.USER_INT0_Handler
                0x00001fe8        0x4 ./USER/gw1ns4c_it.o
                0x00001fe8                USER_INT0_Handler
 .text.USER_INT1_Handler
                0x00001fec        0x4 ./USER/gw1ns4c_it.o
                0x00001fec                USER_INT1_Handler
 .text.USER_INT2_Handler
                0x00001ff0        0x4 ./USER/gw1ns4c_it.o
                0x00001ff0                USER_INT2_Handler
 .text.USER_INT3_Handler
                0x00001ff4        0x4 ./USER/gw1ns4c_it.o
                0x00001ff4                USER_INT3_Handler
 .text.USER_INT4_Handler
                0x00001ff8        0x4 ./USER/gw1ns4c_it.o
                0x00001ff8                USER_INT4_Handler
 .text.USER_INT5_Handler
                0x00001ffc        0x4 ./USER/gw1ns4c_it.o
                0x00001ffc                USER_INT5_Handler
 .text.UART0_Handler
                0x00002000        0x4 ./USER/gw1ns4c_it.o
                0x00002000                UART0_Handler
 .text.UART1_Handler
                0x00002004        0x4 ./USER/gw1ns4c_it.o
                0x00002004                UART1_Handler
 .text.TIMER0_Handler
                0x00002008        0x4 ./USER/gw1ns4c_it.o
                0x00002008                TIMER0_Handler
 .text.TIMER1_Handler
                0x0000200c        0x4 ./USER/gw1ns4c_it.o
                0x0000200c                TIMER1_Handler
 .text.I2C_Handler
                0x00002010        0x4 ./USER/gw1ns4c_it.o
                0x00002010                I2C_Handler
 .text.RTC_Handler
                0x00002014        0x4 ./USER/gw1ns4c_it.o
                0x00002014                RTC_Handler
 .text.PORT0_0_Handler
                0x00002018        0x4 ./USER/gw1ns4c_it.o
                0x00002018                PORT0_0_Handler
 .text.PORT0_1_Handler
                0x0000201c        0x4 ./USER/gw1ns4c_it.o
                0x0000201c                PORT0_1_Handler
 .text.PORT0_2_Handler
                0x00002020        0x4 ./USER/gw1ns4c_it.o
                0x00002020                PORT0_2_Handler
 .text.PORT0_3_Handler
                0x00002024        0x4 ./USER/gw1ns4c_it.o
                0x00002024                PORT0_3_Handler
 .text.PORT0_4_Handler
                0x00002028        0x4 ./USER/gw1ns4c_it.o
                0x00002028                PORT0_4_Handler
 .text.PORT0_5_Handler
                0x0000202c        0x4 ./USER/gw1ns4c_it.o
                0x0000202c                PORT0_5_Handler
 .text.PORT0_6_Handler
                0x00002030        0x4 ./USER/gw1ns4c_it.o
                0x00002030                PORT0_6_Handler
 .text.PORT0_7_Handler
                0x00002034        0x4 ./USER/gw1ns4c_it.o
                0x00002034                PORT0_7_Handler
 .text.PORT0_8_Handler
                0x00002038        0x4 ./USER/gw1ns4c_it.o
                0x00002038                PORT0_8_Handler
 .text.PORT0_9_Handler
                0x0000203c        0x4 ./USER/gw1ns4c_it.o
                0x0000203c                PORT0_9_Handler
 .text.PORT0_10_Handler
                0x00002040        0x4 ./USER/gw1ns4c_it.o
                0x00002040                PORT0_10_Handler
 .text.PORT0_11_Handler
                0x00002044        0x4 ./USER/gw1ns4c_it.o
                0x00002044                PORT0_11_Handler
 .text.PORT0_12_Handler
                0x00002048        0x4 ./USER/gw1ns4c_it.o
                0x00002048                PORT0_12_Handler
 .text.PORT0_13_Handler
                0x0000204c        0x4 ./USER/gw1ns4c_it.o
                0x0000204c                PORT0_13_Handler
 .text.PORT0_14_Handler
                0x00002050        0x4 ./USER/gw1ns4c_it.o
                0x00002050                PORT0_14_Handler
 .text.PORT0_15_Handler
                0x00002054        0x4 ./USER/gw1ns4c_it.o
                0x00002054                PORT0_15_Handler
 .text.startup.main
                0x00002058       0x60 ./USER/main.o
                0x00002058                main
 .text.SysTick_Handler
                0x000020b8       0x14 ./USER/main.o
                0x000020b8                SysTick_Handler
 .text.SystemInit
                0x000020cc       0x2c ./SYSTEM/system_gw1ns4c.o
                0x000020cc                SystemInit
 .text          0x000020f8       0x98 ./STARTUP/startup_gw1ns4c.o
                0x000020f8                Reset_Handler
                0x0000215e                PORT0_COMB_Handler
                0x00002168                UARTOVF_Handler
                0x0000216e                Spare15_Handler
 .text.GPIO_Init
                0x00002190      0x11c ./PERIPHERAL/Sources/gw1ns4c_gpio.o
                0x00002190                GPIO_Init
 .text.UART_Init
                0x000022ac       0x80 ./PERIPHERAL/Sources/gw1ns4c_uart.o
                0x000022ac                UART_Init
 .text.UART_SendString
                0x0000232c       0x18 ./PERIPHERAL/Sources/gw1ns4c_uart.o
                0x0000232c                UART_SendString
 *fill*         0x00002344        0xc 
 .text.SVC_Handler
                0x00002350       0x24 ./FreeRTOS/portable/GNU/ARM_CM3/port.o
                0x00002350                SVC_Handler
 *fill*         0x00002374        0xc 
 .text.PendSV_Handler
                0x00002380       0x44 ./FreeRTOS/portable/GNU/ARM_CM3/port.o
                0x00002380                PendSV_Handler
 .text.xPortSysTickHandler
                0x000023c4       0x2c ./FreeRTOS/portable/GNU/ARM_CM3/port.o
                0x000023c4                xPortSysTickHandler
 .text.vListInsertEnd
                0x000023f0       0x1c ./FreeRTOS/list.o
                0x000023f0                vListInsertEnd
 .text.uxListRemove
                0x0000240c       0x24 ./FreeRTOS/list.o
                0x0000240c                uxListRemove
 .text.xTaskIncrementTick.part.0
                0x00002430       0xe4 ./FreeRTOS/tasks.o
 .text.xTaskIncrementTick
                0x00002514       0x24 ./FreeRTOS/tasks.o
                0x00002514                xTaskIncrementTick
 .text.vTaskSwitchContext
                0x00002538       0x5c ./FreeRTOS/tasks.o
                0x00002538                vTaskSwitchContext
 .text.xTaskGetSchedulerState
                0x00002594       0x20 ./FreeRTOS/tasks.o
                0x00002594                xTaskGetSchedulerState
 .text.exit     0x000025b4       0x1c C:/GMD/toolchain/gowin/gcc_arm/bin/../lib/gcc/arm-none-eabi/13.3.1/../../../../arm-none-eabi/lib/thumb/v7-m/nofp\libg.a(libc_a-exit.o)
                0x000025b4                exit
 .text.__retarget_lock_acquire_recursive
                0x000025d0        0x4 C:/GMD/toolchain/gowin/gcc_arm/bin/../lib/gcc/arm-none-eabi/13.3.1/../../../../arm-none-eabi/lib/thumb/v7-m/nofp\libg.a(libc_a-lock.o)
                0x000025d0                __retarget_lock_acquire_recursive
 .text.__retarget_lock_release_recursive
                0x000025d4        0x4 C:/GMD/toolchain/gowin/gcc_arm/bin/../lib/gcc/arm-none-eabi/13.3.1/../../../../arm-none-eabi/lib/thumb/v7-m/nofp\libg.a(libc_a-lock.o)
                0x000025d4                __retarget_lock_release_recursive
 .text.__call_exitprocs
                0x000025d8       0xc0 C:/GMD/toolchain/gowin/gcc_arm/bin/../lib/gcc/arm-none-eabi/13.3.1/../../../../arm-none-eabi/lib/thumb/v7-m/nofp\libg.a(libc_a-__call_atexit.o)
                0x000025d8                __call_exitprocs
 .text._exit    0x00002698        0x4 C:/GMD/toolchain/gowin/gcc_arm/bin/../lib/gcc/arm-none-eabi/13.3.1/../../../../arm-none-eabi/lib/thumb/v7-m/nofp\libnosys.a(_exit.o)
                0x00002698                _exit
 *(.init)
 .init          0x0000269c        0x4 C:/GMD/toolchain/gowin/gcc_arm/bin/../lib/gcc/arm-none-eabi/13.3.1/thumb/v7-m/nofp/crti.o
                0x0000269c                _init
 *(.fini)
 .fini          0x000026a0        0x4 C:/GMD/toolchain/gowin/gcc_arm/bin/../lib/gcc/arm-none-eabi/13.3.1/thumb/v7-m/nofp/crti.o
                0x000026a0                _fini
 *crtbegin.o(.ctors)
 *crtbegin?.o(.ctors)
 *(EXCLUDE_FILE(*crtend.o *crtend?.o) .ctors)
 *(SORT_BY_NAME(.ctors.*))
 *(.ctors)
 *crtbegin.o(.dtors)
 *crtbegin?.o(.dtors)
 *(EXCLUDE_FILE(*crtend.o *crtend?.o) .dtors)
 *(SORT_BY_NAME(.dtors.*))
 *(.dtors)
 *(.rodata*)
 .rodata.print_test_header.str1.4
                0x000026a4      0xb77 ./USER/APB/apb_regbank_test.o
                                 0x2d (size before relaxing)
 .rodata.print_test_result.str1.4
                0x0000321b       0x15 ./USER/APB/apb_regbank_test.o
 .rodata.print_final_summary.str1.4
                0x0000321b      0x27d ./USER/APB/apb_regbank_test.o
 .rodata.test_walking_ones.str1.4
                0x0000321b       0xab ./USER/APB/apb_regbank_test.o
 .rodata.test_walking_zeros.str1.4
                0x0000321b       0x51 ./USER/APB/apb_regbank_test.o
 .rodata.test_checkerboard_patterns.str1.4
                0x0000321b       0x85 ./USER/APB/apb_regbank_test.o
 .rodata.test_register_independence.str1.4
                0x0000321b       0xf3 ./USER/APB/apb_regbank_test.o
 .rodata.test_readonly_protection_stress.str1.4
                0x0000321b       0xe6 ./USER/APB/apb_regbank_test.o
 .rodata.test_rapid_readwrite_stress.str1.4
                0x0000321b       0xc0 ./USER/APB/apb_regbank_test.o
 .rodata.test_address_boundaries.str1.4
                0x0000321b       0xeb ./USER/APB/apb_regbank_test.o
 .rodata.test_data_retention.str1.4
                0x0000321b       0x97 ./USER/APB/apb_regbank_test.o
 .rodata.test_sequential_patterns.str1.4
                0x0000321b       0x98 ./USER/APB/apb_regbank_test.o
 .rodata.test_comprehensive_integration.str1.4
                0x0000321b       0xac ./USER/APB/apb_regbank_test.o
 .rodata.test_APB_registers_comprehensive.str1.4
                0x0000321b      0x1b3 ./USER/APB/apb_regbank_test.o
 .rodata.main.str1.4
                0x0000321b       0x1f ./USER/main.o
 *(.eh_frame*)

.glue_7         0x0000321c        0x0
 .glue_7        0x0000321c        0x0 linker stubs

.glue_7t        0x0000321c        0x0
 .glue_7t       0x0000321c        0x0 linker stubs

.vfp11_veneer   0x0000321c        0x0
 .vfp11_veneer  0x0000321c        0x0 linker stubs

.v4_bx          0x0000321c        0x0
 .v4_bx         0x0000321c        0x0 linker stubs

.iplt           0x0000321c        0x0
 .iplt          0x0000321c        0x0 ./USER/APB/apb_regbank_test.o

.rel.dyn        0x0000321c        0x0
 .rel.iplt      0x0000321c        0x0 ./USER/APB/apb_regbank_test.o

.ARM.extab
 *(.ARM.extab* .gnu.linkonce.armextab.*)
                0x0000321b                        __exidx_start = .

.ARM.exidx
 *(.ARM.exidx* .gnu.linkonce.armexidx.*)
                0x0000321b                        __exidx_end = .
                0x0000321b                        __etext = .

.data           0x20000000       0x14 load address 0x0000321b
                0x20000000                        __data_start__ = .
 *(vtable)
 *(.data*)
 .data.HCLK     0x20000000        0x4 ./SYSTEM/system_gw1ns4c.o
                0x20000000                HCLK
 .data.PCLK2    0x20000004        0x4 ./SYSTEM/system_gw1ns4c.o
                0x20000004                PCLK2
 .data.PCLK1    0x20000008        0x4 ./SYSTEM/system_gw1ns4c.o
                0x20000008                PCLK1
 .data.SystemCoreClock
                0x2000000c        0x4 ./SYSTEM/system_gw1ns4c.o
                0x2000000c                SystemCoreClock
 .data.__atexit_recursive_mutex
                0x20000010        0x4 C:/GMD/toolchain/gowin/gcc_arm/bin/../lib/gcc/arm-none-eabi/13.3.1/../../../../arm-none-eabi/lib/thumb/v7-m/nofp\libg.a(libc_a-__call_atexit.o)
                0x20000010                __atexit_recursive_mutex
                0x20000014                        . = ALIGN (0x4)
                0x20000014                        PROVIDE (__preinit_array_start = .)
 *(.preinit_array)
                0x20000014                        PROVIDE (__preinit_array_end = .)
                0x20000014                        . = ALIGN (0x4)
                0x20000014                        PROVIDE (__init_array_start = .)
 *(SORT_BY_NAME(.init_array.*))
 *(.init_array)
                0x20000014                        PROVIDE (__init_array_end = .)
                0x20000014                        . = ALIGN (0x4)
                0x20000014                        PROVIDE (__fini_array_start = .)
 *(SORT_BY_NAME(.fini_array.*))
 *(.fini_array)
                0x20000014                        PROVIDE (__fini_array_end = .)
                0x20000014                        . = ALIGN (0x4)
                0x20000014                        __data_end__ = .

.igot.plt       0x20000014        0x0 load address 0x00003230
 .igot.plt      0x20000014        0x0 ./USER/APB/apb_regbank_test.o

.bss            0x20000014       0x90 load address 0x00003230
                0x20000014                        . = ALIGN (0x4)
                0x20000014                        __bss_start__ = .
 *(.bss*)
 .bss.stats     0x20000014       0x1c ./USER/APB/apb_regbank_test.o
 .bss.uxSchedulerSuspended
                0x20000030        0x4 ./FreeRTOS/tasks.o
 .bss.xNextTaskUnblockTime
                0x20000034        0x4 ./FreeRTOS/tasks.o
 .bss.xNumOfOverflows
                0x20000038        0x4 ./FreeRTOS/tasks.o
 .bss.xYieldPending
                0x2000003c        0x4 ./FreeRTOS/tasks.o
 .bss.uxPendedTicks
                0x20000040        0x4 ./FreeRTOS/tasks.o
 .bss.xSchedulerRunning
                0x20000044        0x4 ./FreeRTOS/tasks.o
 .bss.uxTopReadyPriority
                0x20000048        0x4 ./FreeRTOS/tasks.o
 .bss.xTickCount
                0x2000004c        0x4 ./FreeRTOS/tasks.o
 .bss.pxOverflowDelayedTaskList
                0x20000050        0x4 ./FreeRTOS/tasks.o
 .bss.pxDelayedTaskList
                0x20000054        0x4 ./FreeRTOS/tasks.o
 .bss.pxReadyTasksLists
                0x20000058       0x3c ./FreeRTOS/tasks.o
 .bss.pxCurrentTCB
                0x20000094        0x4 ./FreeRTOS/tasks.o
                0x20000094                pxCurrentTCB
 .bss.__stdio_exit_handler
                0x20000098        0x4 C:/GMD/toolchain/gowin/gcc_arm/bin/../lib/gcc/arm-none-eabi/13.3.1/../../../../arm-none-eabi/lib/thumb/v7-m/nofp\libg.a(libc_a-findfp.o)
                0x20000098                __stdio_exit_handler
 .bss.__lock___atexit_recursive_mutex
                0x2000009c        0x1 C:/GMD/toolchain/gowin/gcc_arm/bin/../lib/gcc/arm-none-eabi/13.3.1/../../../../arm-none-eabi/lib/thumb/v7-m/nofp\libg.a(libc_a-lock.o)
                0x2000009c                __lock___atexit_recursive_mutex
 *fill*         0x2000009d        0x3 
 .bss.__atexit  0x200000a0        0x4 C:/GMD/toolchain/gowin/gcc_arm/bin/../lib/gcc/arm-none-eabi/13.3.1/../../../../arm-none-eabi/lib/thumb/v7-m/nofp\libg.a(libc_a-__call_atexit.o)
                0x200000a0                __atexit
 *(COMMON)
                0x200000a4                        . = ALIGN (0x4)
                0x200000a4                        __bss_end__ = .

.heap           0x200000a8      0x200
                0x200000a8                        __end__ = .
                0x200000a8                        end = __end__
 *(.heap*)
 .heap          0x200000a8      0x200 ./STARTUP/startup_gw1ns4c.o
                0x200000a8                __HeapBase
                0x200002a8                        __HeapLimit = .

.stack_dummy    0x200000a8      0x400
 *(.stack*)
 .stack         0x200000a8      0x400 ./STARTUP/startup_gw1ns4c.o
                0x20002000                        __StackTop = (ORIGIN (RAM) + LENGTH (RAM))
                0x20001c00                        __StackLimit = (__StackTop - SIZEOF (.stack_dummy))
                0x20002000                        PROVIDE (__stack = __StackTop)
                0x00000001                        ASSERT ((__StackLimit >= __HeapLimit), region RAM overflowed with stack)
OUTPUT(cm3_free_rtos.elf elf32-littlearm)
LOAD linker stubs

.ARM.attributes
                0x00000000       0x29
 .ARM.attributes
                0x00000000       0x1d C:/GMD/toolchain/gowin/gcc_arm/bin/../lib/gcc/arm-none-eabi/13.3.1/thumb/v7-m/nofp/crti.o
 .ARM.attributes
                0x0000001d       0x2d ./USER/APB/apb_regbank_test.o
 .ARM.attributes
                0x0000004a       0x2d ./USER/gw1ns4c_it.o
 .ARM.attributes
                0x00000077       0x2d ./USER/main.o
 .ARM.attributes
                0x000000a4       0x2d ./SYSTEM/system_gw1ns4c.o
 .ARM.attributes
                0x000000d1       0x1b ./STARTUP/startup_gw1ns4c.o
 .ARM.attributes
                0x000000ec       0x2d ./PERIPHERAL/Sources/gw1ns4c_gpio.o
 .ARM.attributes
                0x00000119       0x2d ./PERIPHERAL/Sources/gw1ns4c_uart.o
 .ARM.attributes
                0x00000146       0x2d ./FreeRTOS/portable/GNU/ARM_CM3/port.o
 .ARM.attributes
                0x00000173       0x2d ./FreeRTOS/list.o
 .ARM.attributes
                0x000001a0       0x2d ./FreeRTOS/tasks.o
 .ARM.attributes
                0x000001cd       0x2d C:/GMD/toolchain/gowin/gcc_arm/bin/../lib/gcc/arm-none-eabi/13.3.1/../../../../arm-none-eabi/lib/thumb/v7-m/nofp\libg.a(libc_a-exit.o)
 .ARM.attributes
                0x000001fa       0x2d C:/GMD/toolchain/gowin/gcc_arm/bin/../lib/gcc/arm-none-eabi/13.3.1/../../../../arm-none-eabi/lib/thumb/v7-m/nofp\libg.a(libc_a-findfp.o)
 .ARM.attributes
                0x00000227       0x2d C:/GMD/toolchain/gowin/gcc_arm/bin/../lib/gcc/arm-none-eabi/13.3.1/../../../../arm-none-eabi/lib/thumb/v7-m/nofp\libg.a(libc_a-lock.o)
 .ARM.attributes
                0x00000254       0x2d C:/GMD/toolchain/gowin/gcc_arm/bin/../lib/gcc/arm-none-eabi/13.3.1/../../../../arm-none-eabi/lib/thumb/v7-m/nofp\libg.a(libc_a-__call_atexit.o)
 .ARM.attributes
                0x00000281       0x2d C:/GMD/toolchain/gowin/gcc_arm/bin/../lib/gcc/arm-none-eabi/13.3.1/../../../../arm-none-eabi/lib/thumb/v7-m/nofp\libnosys.a(_exit.o)

.comment        0x00000000       0x39
 .comment       0x00000000       0x39 ./USER/APB/apb_regbank_test.o
                                 0x3a (size before relaxing)
 .comment       0x00000039       0x3a ./USER/gw1ns4c_it.o
 .comment       0x00000039       0x3a ./USER/main.o
 .comment       0x00000039       0x3a ./SYSTEM/system_gw1ns4c.o
 .comment       0x00000039       0x3a ./PERIPHERAL/Sources/gw1ns4c_gpio.o
 .comment       0x00000039       0x3a ./PERIPHERAL/Sources/gw1ns4c_uart.o
 .comment       0x00000039       0x3a ./FreeRTOS/portable/GNU/ARM_CM3/port.o
 .comment       0x00000039       0x3a ./FreeRTOS/list.o
 .comment       0x00000039       0x3a ./FreeRTOS/tasks.o
 .comment       0x00000039       0x3a C:/GMD/toolchain/gowin/gcc_arm/bin/../lib/gcc/arm-none-eabi/13.3.1/../../../../arm-none-eabi/lib/thumb/v7-m/nofp\libg.a(libc_a-exit.o)
 .comment       0x00000039       0x3a C:/GMD/toolchain/gowin/gcc_arm/bin/../lib/gcc/arm-none-eabi/13.3.1/../../../../arm-none-eabi/lib/thumb/v7-m/nofp\libg.a(libc_a-findfp.o)
 .comment       0x00000039       0x3a C:/GMD/toolchain/gowin/gcc_arm/bin/../lib/gcc/arm-none-eabi/13.3.1/../../../../arm-none-eabi/lib/thumb/v7-m/nofp\libg.a(libc_a-lock.o)
 .comment       0x00000039       0x3a C:/GMD/toolchain/gowin/gcc_arm/bin/../lib/gcc/arm-none-eabi/13.3.1/../../../../arm-none-eabi/lib/thumb/v7-m/nofp\libg.a(libc_a-__call_atexit.o)
 .comment       0x00000039       0x3a C:/GMD/toolchain/gowin/gcc_arm/bin/../lib/gcc/arm-none-eabi/13.3.1/../../../../arm-none-eabi/lib/thumb/v7-m/nofp\libnosys.a(_exit.o)

.debug_info     0x00000000     0x69f5
 .debug_info    0x00000000     0x2da7 ./USER/APB/apb_regbank_test.o
 .debug_info    0x00002da7      0x187 ./USER/gw1ns4c_it.o
 .debug_info    0x00002f2e      0x6a5 ./USER/main.o
 .debug_info    0x000035d3       0xfb ./SYSTEM/system_gw1ns4c.o
 .debug_info    0x000036ce      0x23c ./STARTUP/startup_gw1ns4c.o
 .debug_info    0x0000390a      0x6b1 ./PERIPHERAL/Sources/gw1ns4c_gpio.o
 .debug_info    0x00003fbb      0x66b ./PERIPHERAL/Sources/gw1ns4c_uart.o
 .debug_info    0x00004626      0x381 ./FreeRTOS/portable/GNU/ARM_CM3/port.o
 .debug_info    0x000049a7      0x2c3 ./FreeRTOS/list.o
 .debug_info    0x00004c6a     0x1d8b ./FreeRTOS/tasks.o

.debug_abbrev   0x00000000     0x1355
 .debug_abbrev  0x00000000      0x3a8 ./USER/APB/apb_regbank_test.o
 .debug_abbrev  0x000003a8       0x8f ./USER/gw1ns4c_it.o
 .debug_abbrev  0x00000437      0x26d ./USER/main.o
 .debug_abbrev  0x000006a4       0x8b ./SYSTEM/system_gw1ns4c.o
 .debug_abbrev  0x0000072f       0x28 ./STARTUP/startup_gw1ns4c.o
 .debug_abbrev  0x00000757      0x1df ./PERIPHERAL/Sources/gw1ns4c_gpio.o
 .debug_abbrev  0x00000936      0x233 ./PERIPHERAL/Sources/gw1ns4c_uart.o
 .debug_abbrev  0x00000b69      0x22e ./FreeRTOS/portable/GNU/ARM_CM3/port.o
 .debug_abbrev  0x00000d97      0x10c ./FreeRTOS/list.o
 .debug_abbrev  0x00000ea3      0x4b2 ./FreeRTOS/tasks.o

.debug_loclists
                0x00000000     0x38fd
 .debug_loclists
                0x00000000     0x24c0 ./USER/APB/apb_regbank_test.o
 .debug_loclists
                0x000024c0       0x2b ./USER/main.o
 .debug_loclists
                0x000024eb      0x1b1 ./PERIPHERAL/Sources/gw1ns4c_gpio.o
 .debug_loclists
                0x0000269c      0x1bf ./PERIPHERAL/Sources/gw1ns4c_uart.o
 .debug_loclists
                0x0000285b       0x79 ./FreeRTOS/portable/GNU/ARM_CM3/port.o
 .debug_loclists
                0x000028d4       0x7e ./FreeRTOS/list.o
 .debug_loclists
                0x00002952      0xfab ./FreeRTOS/tasks.o

.debug_aranges  0x00000000      0x578
 .debug_aranges
                0x00000000       0xa0 ./USER/APB/apb_regbank_test.o
 .debug_aranges
                0x000000a0      0x128 ./USER/gw1ns4c_it.o
 .debug_aranges
                0x000001c8       0x28 ./USER/main.o
 .debug_aranges
                0x000001f0       0x28 ./SYSTEM/system_gw1ns4c.o
 .debug_aranges
                0x00000218       0x20 ./STARTUP/startup_gw1ns4c.o
 .debug_aranges
                0x00000238       0xb8 ./PERIPHERAL/Sources/gw1ns4c_gpio.o
 .debug_aranges
                0x000002f0       0xc0 ./PERIPHERAL/Sources/gw1ns4c_uart.o
 .debug_aranges
                0x000003b0       0x70 ./FreeRTOS/portable/GNU/ARM_CM3/port.o
 .debug_aranges
                0x00000420       0x40 ./FreeRTOS/list.o
 .debug_aranges
                0x00000460      0x118 ./FreeRTOS/tasks.o

.debug_rnglists
                0x00000000     0x108a
 .debug_rnglists
                0x00000000      0xb93 ./USER/APB/apb_regbank_test.o
 .debug_rnglists
                0x00000b93       0xd9 ./USER/gw1ns4c_it.o
 .debug_rnglists
                0x00000c6c       0x25 ./USER/main.o
 .debug_rnglists
                0x00000c91       0x19 ./SYSTEM/system_gw1ns4c.o
 .debug_rnglists
                0x00000caa       0x86 ./PERIPHERAL/Sources/gw1ns4c_gpio.o
 .debug_rnglists
                0x00000d30       0x8c ./PERIPHERAL/Sources/gw1ns4c_uart.o
 .debug_rnglists
                0x00000dbc       0x5b ./FreeRTOS/portable/GNU/ARM_CM3/port.o
 .debug_rnglists
                0x00000e17       0x2b ./FreeRTOS/list.o
 .debug_rnglists
                0x00000e42      0x248 ./FreeRTOS/tasks.o

.debug_macro    0x00000000     0x3753
 .debug_macro   0x00000000      0x10e ./USER/APB/apb_regbank_test.o
 .debug_macro   0x0000010e      0xab4 ./USER/APB/apb_regbank_test.o
 .debug_macro   0x00000bc2       0x22 ./USER/APB/apb_regbank_test.o
 .debug_macro   0x00000be4       0x22 ./USER/APB/apb_regbank_test.o
 .debug_macro   0x00000c06       0x22 ./USER/APB/apb_regbank_test.o
 .debug_macro   0x00000c28       0x8e ./USER/APB/apb_regbank_test.o
 .debug_macro   0x00000cb6       0x51 ./USER/APB/apb_regbank_test.o
 .debug_macro   0x00000d07      0x103 ./USER/APB/apb_regbank_test.o
 .debug_macro   0x00000e0a       0x6a ./USER/APB/apb_regbank_test.o
 .debug_macro   0x00000e74      0x1df ./USER/APB/apb_regbank_test.o
 .debug_macro   0x00001053      0x7b7 ./USER/APB/apb_regbank_test.o
 .debug_macro   0x0000180a      0x314 ./USER/APB/apb_regbank_test.o
 .debug_macro   0x00001b1e       0x6a ./USER/APB/apb_regbank_test.o
 .debug_macro   0x00001b88       0x3a ./USER/APB/apb_regbank_test.o
 .debug_macro   0x00001bc2       0x7c ./USER/APB/apb_regbank_test.o
 .debug_macro   0x00001c3e       0x22 ./USER/APB/apb_regbank_test.o
 .debug_macro   0x00001c60       0x94 ./USER/APB/apb_regbank_test.o
 .debug_macro   0x00001cf4       0x58 ./USER/APB/apb_regbank_test.o
 .debug_macro   0x00001d4c       0x34 ./USER/APB/apb_regbank_test.o
 .debug_macro   0x00001d80       0x1c ./USER/APB/apb_regbank_test.o
 .debug_macro   0x00001d9c       0x22 ./USER/APB/apb_regbank_test.o
 .debug_macro   0x00001dbe       0x28 ./USER/APB/apb_regbank_test.o
 .debug_macro   0x00001de6      0x100 ./USER/gw1ns4c_it.o
 .debug_macro   0x00001ee6      0x1ac ./USER/main.o
 .debug_macro   0x00002092       0x2e ./USER/main.o
 .debug_macro   0x000020c0      0x190 ./USER/main.o
 .debug_macro   0x00002250       0xc4 ./USER/main.o
 .debug_macro   0x00002314      0x15a ./USER/main.o
 .debug_macro   0x0000246e       0xdd ./USER/main.o
 .debug_macro   0x0000254b       0x1c ./USER/main.o
 .debug_macro   0x00002567       0x26 ./USER/main.o
 .debug_macro   0x0000258d      0x520 ./USER/main.o
 .debug_macro   0x00002aad       0xb5 ./USER/main.o
 .debug_macro   0x00002b62       0xaa ./USER/main.o
 .debug_macro   0x00002c0c       0x80 ./USER/main.o
 .debug_macro   0x00002c8c      0x102 ./SYSTEM/system_gw1ns4c.o
 .debug_macro   0x00002d8e      0x100 ./PERIPHERAL/Sources/gw1ns4c_gpio.o
 .debug_macro   0x00002e8e       0x34 ./PERIPHERAL/Sources/gw1ns4c_gpio.o
 .debug_macro   0x00002ec2      0x100 ./PERIPHERAL/Sources/gw1ns4c_uart.o
 .debug_macro   0x00002fc2       0x76 ./PERIPHERAL/Sources/gw1ns4c_uart.o
 .debug_macro   0x00003038      0x206 ./FreeRTOS/portable/GNU/ARM_CM3/port.o
 .debug_macro   0x0000323e      0x20c ./FreeRTOS/list.o
 .debug_macro   0x0000344a      0x2f9 ./FreeRTOS/tasks.o
 .debug_macro   0x00003743       0x10 ./FreeRTOS/tasks.o

.debug_line     0x00000000     0x81e3
 .debug_line    0x00000000     0x3a76 ./USER/APB/apb_regbank_test.o
 .debug_line    0x00003a76      0x5b4 ./USER/gw1ns4c_it.o
 .debug_line    0x0000402a      0x540 ./USER/main.o
 .debug_line    0x0000456a      0x38e ./SYSTEM/system_gw1ns4c.o
 .debug_line    0x000048f8       0x95 ./STARTUP/startup_gw1ns4c.o
 .debug_line    0x0000498d      0x7a3 ./PERIPHERAL/Sources/gw1ns4c_gpio.o
 .debug_line    0x00005130      0x6aa ./PERIPHERAL/Sources/gw1ns4c_uart.o
 .debug_line    0x000057da      0x6e2 ./FreeRTOS/portable/GNU/ARM_CM3/port.o
 .debug_line    0x00005ebc      0x682 ./FreeRTOS/list.o
 .debug_line    0x0000653e     0x1ca5 ./FreeRTOS/tasks.o

.debug_str      0x00000000    0x1285b
 .debug_str     0x00000000    0x1285b ./USER/APB/apb_regbank_test.o
                               0x8ccb (size before relaxing)
 .debug_str     0x0001285b     0x8ad4 ./USER/gw1ns4c_it.o
 .debug_str     0x0001285b     0xd5a6 ./USER/main.o
 .debug_str     0x0001285b     0x8925 ./SYSTEM/system_gw1ns4c.o
 .debug_str     0x0001285b      0x2ea ./STARTUP/startup_gw1ns4c.o
 .debug_str     0x0001285b     0x8bc9 ./PERIPHERAL/Sources/gw1ns4c_gpio.o
 .debug_str     0x0001285b     0x8bf0 ./PERIPHERAL/Sources/gw1ns4c_uart.o
 .debug_str     0x0001285b     0xd044 ./FreeRTOS/portable/GNU/ARM_CM3/port.o
 .debug_str     0x0001285b     0xf067 ./FreeRTOS/list.o
 .debug_str     0x0001285b    0x10f6b ./FreeRTOS/tasks.o

.debug_frame    0x00000000      0xd84
 .debug_frame   0x00000000      0x300 ./USER/APB/apb_regbank_test.o
 .debug_frame   0x00000300      0x230 ./USER/gw1ns4c_it.o
 .debug_frame   0x00000530       0x44 ./USER/main.o
 .debug_frame   0x00000574       0x48 ./SYSTEM/system_gw1ns4c.o
 .debug_frame   0x000005bc      0x178 ./PERIPHERAL/Sources/gw1ns4c_gpio.o
 .debug_frame   0x00000734      0x16c ./PERIPHERAL/Sources/gw1ns4c_uart.o
 .debug_frame   0x000008a0       0xec ./FreeRTOS/portable/GNU/ARM_CM3/port.o
 .debug_frame   0x0000098c       0x88 ./FreeRTOS/list.o
 .debug_frame   0x00000a14      0x370 ./FreeRTOS/tasks.o

.debug_line_str
                0x00000000       0x47
 .debug_line_str
                0x00000000       0x47 ./STARTUP/startup_gw1ns4c.o
